Archive member included because of file (symbol)

/usr/local/CrossPack-AVR-20131216/lib/gcc/avr/4.8.1/avr51/libgcc.a(_exit.o)
                              /usr/local/CrossPack-AVR-20131216/lib/gcc/avr/4.8.1/../../../../avr/lib/avr51/crtm128.o (exit)
/usr/local/CrossPack-AVR-20131216/lib/gcc/avr/4.8.1/avr51/libgcc.a(_copy_data.o)
                              lab2_skel.o (__do_copy_data)
/usr/local/CrossPack-AVR-20131216/lib/gcc/avr/4.8.1/avr51/libgcc.a(_clear_bss.o)
                              lab2_skel.o (__do_clear_bss)
/usr/local/CrossPack-AVR-20131216/lib/gcc/avr/4.8.1/avr51/libgcc.a(_popcounthi2.o)
                              lab2_skel.o (__popcounthi2)
/usr/local/CrossPack-AVR-20131216/lib/gcc/avr/4.8.1/avr51/libgcc.a(_popcountqi2.o)
                              /usr/local/CrossPack-AVR-20131216/lib/gcc/avr/4.8.1/avr51/libgcc.a(_popcounthi2.o) (__popcountqi2)
/usr/local/CrossPack-AVR-20131216/lib/gcc/avr/4.8.1/avr51/libgcc.a(_umulhisi3.o)
                              lab2_skel.o (__umulhisi3)

Allocating common symbols
Common symbol       size              file

dec_to_7seg         0xc               lab2_skel.o
segment_data        0x5               lab2_skel.o

Memory Configuration

Name             Origin             Length             Attributes
text             0x00000000         0x00020000         xr
data             0x00800100         0x0000ff00         rw !x
eeprom           0x00810000         0x00010000         rw !x
fuse             0x00820000         0x00000400         rw !x
lock             0x00830000         0x00000400         rw !x
signature        0x00840000         0x00000400         rw !x
user_signatures  0x00850000         0x00000400         rw !x
*default*        0x00000000         0xffffffff

Linker script and memory map

Address of section .data set to 0x800100
LOAD /usr/local/CrossPack-AVR-20131216/lib/gcc/avr/4.8.1/../../../../avr/lib/avr51/crtm128.o
LOAD lab2_skel.o
START GROUP
LOAD /usr/local/CrossPack-AVR-20131216/lib/gcc/avr/4.8.1/avr51/libgcc.a
LOAD /usr/local/CrossPack-AVR-20131216/lib/gcc/avr/4.8.1/../../../../avr/lib/avr51/libm.a
LOAD /usr/local/CrossPack-AVR-20131216/lib/gcc/avr/4.8.1/../../../../avr/lib/avr51/libc.a
END GROUP

.hash
 *(.hash)

.dynsym
 *(.dynsym)

.dynstr
 *(.dynstr)

.gnu.version
 *(.gnu.version)

.gnu.version_d
 *(.gnu.version_d)

.gnu.version_r
 *(.gnu.version_r)

.rel.init
 *(.rel.init)

.rela.init
 *(.rela.init)

.rel.text
 *(.rel.text)
 *(.rel.text.*)
 *(.rel.gnu.linkonce.t*)

.rela.text
 *(.rela.text)
 *(.rela.text.*)
 *(.rela.gnu.linkonce.t*)

.rel.fini
 *(.rel.fini)

.rela.fini
 *(.rela.fini)

.rel.rodata
 *(.rel.rodata)
 *(.rel.rodata.*)
 *(.rel.gnu.linkonce.r*)

.rela.rodata
 *(.rela.rodata)
 *(.rela.rodata.*)
 *(.rela.gnu.linkonce.r*)

.rel.data
 *(.rel.data)
 *(.rel.data.*)
 *(.rel.gnu.linkonce.d*)

.rela.data
 *(.rela.data)
 *(.rela.data.*)
 *(.rela.gnu.linkonce.d*)

.rel.ctors
 *(.rel.ctors)

.rela.ctors
 *(.rela.ctors)

.rel.dtors
 *(.rel.dtors)

.rela.dtors
 *(.rela.dtors)

.rel.got
 *(.rel.got)

.rela.got
 *(.rela.got)

.rel.bss
 *(.rel.bss)

.rela.bss
 *(.rela.bss)

.rel.plt
 *(.rel.plt)

.rela.plt
 *(.rela.plt)

.text           0x00000000      0x27e
 *(.vectors)
 .vectors       0x00000000       0x8c /usr/local/CrossPack-AVR-20131216/lib/gcc/avr/4.8.1/../../../../avr/lib/avr51/crtm128.o
                0x00000000                __vectors
                0x00000000                __vector_default
 *(.vectors)
 *(.progmem.gcc*)
                0x0000008c                . = ALIGN (0x2)
                0x0000008c                __trampolines_start = .
 *(.trampolines)
 .trampolines   0x0000008c        0x0 linker stubs
 *(.trampolines*)
                0x0000008c                __trampolines_end = .
 *(.progmem*)
                0x0000008c                . = ALIGN (0x2)
 *(.jumptables)
 *(.jumptables*)
 *(.lowtext)
 *(.lowtext*)
                0x0000008c                __ctors_start = .
 *(.ctors)
                0x0000008c                __ctors_end = .
                0x0000008c                __dtors_start = .
 *(.dtors)
                0x0000008c                __dtors_end = .
 SORT(*)(.ctors)
 SORT(*)(.dtors)
 *(.init0)
 .init0         0x0000008c        0x0 /usr/local/CrossPack-AVR-20131216/lib/gcc/avr/4.8.1/../../../../avr/lib/avr51/crtm128.o
                0x0000008c                __init
 *(.init0)
 *(.init1)
 *(.init1)
 *(.init2)
 .init2         0x0000008c        0xc /usr/local/CrossPack-AVR-20131216/lib/gcc/avr/4.8.1/../../../../avr/lib/avr51/crtm128.o
 *(.init2)
 *(.init3)
 *(.init3)
 *(.init4)
 .init4         0x00000098       0x1a /usr/local/CrossPack-AVR-20131216/lib/gcc/avr/4.8.1/avr51/libgcc.a(_copy_data.o)
                0x00000098                __do_copy_data
 .init4         0x000000b2       0x10 /usr/local/CrossPack-AVR-20131216/lib/gcc/avr/4.8.1/avr51/libgcc.a(_clear_bss.o)
                0x000000b2                __do_clear_bss
 *(.init4)
 *(.init5)
 *(.init5)
 *(.init6)
 *(.init6)
 *(.init7)
 *(.init7)
 *(.init8)
 *(.init8)
 *(.init9)
 .init9         0x000000c2        0x8 /usr/local/CrossPack-AVR-20131216/lib/gcc/avr/4.8.1/../../../../avr/lib/avr51/crtm128.o
 *(.init9)
 *(.text)
 .text          0x000000ca        0x4 /usr/local/CrossPack-AVR-20131216/lib/gcc/avr/4.8.1/../../../../avr/lib/avr51/crtm128.o
                0x000000ca                __vector_20
                0x000000ca                __vector_28
                0x000000ca                __vector_1
                0x000000ca                __vector_32
                0x000000ca                __vector_34
                0x000000ca                __vector_24
                0x000000ca                __vector_12
                0x000000ca                __bad_interrupt
                0x000000ca                __vector_6
                0x000000ca                __vector_31
                0x000000ca                __vector_3
                0x000000ca                __vector_23
                0x000000ca                __vector_30
                0x000000ca                __vector_25
                0x000000ca                __vector_11
                0x000000ca                __vector_13
                0x000000ca                __vector_17
                0x000000ca                __vector_19
                0x000000ca                __vector_7
                0x000000ca                __vector_27
                0x000000ca                __vector_5
                0x000000ca                __vector_33
                0x000000ca                __vector_4
                0x000000ca                __vector_9
                0x000000ca                __vector_2
                0x000000ca                __vector_21
                0x000000ca                __vector_15
                0x000000ca                __vector_29
                0x000000ca                __vector_8
                0x000000ca                __vector_26
                0x000000ca                __vector_14
                0x000000ca                __vector_10
                0x000000ca                __vector_16
                0x000000ca                __vector_18
                0x000000ca                __vector_22
 .text          0x000000ce       0xbe lab2_skel.o
                0x000000ce                debounce_switch
                0x000000fc                chk_buttons
                0x00000142                get_segment
                0x00000156                segsum
 .text          0x0000018c        0x0 /usr/local/CrossPack-AVR-20131216/lib/gcc/avr/4.8.1/avr51/libgcc.a(_exit.o)
 .text          0x0000018c        0x0 /usr/local/CrossPack-AVR-20131216/lib/gcc/avr/4.8.1/avr51/libgcc.a(_copy_data.o)
 .text          0x0000018c        0x0 /usr/local/CrossPack-AVR-20131216/lib/gcc/avr/4.8.1/avr51/libgcc.a(_clear_bss.o)
 .text          0x0000018c        0x0 /usr/local/CrossPack-AVR-20131216/lib/gcc/avr/4.8.1/avr51/libgcc.a(_popcounthi2.o)
 .text          0x0000018c        0x0 /usr/local/CrossPack-AVR-20131216/lib/gcc/avr/4.8.1/avr51/libgcc.a(_popcountqi2.o)
 .text          0x0000018c        0x0 /usr/local/CrossPack-AVR-20131216/lib/gcc/avr/4.8.1/avr51/libgcc.a(_umulhisi3.o)
                0x0000018c                . = ALIGN (0x2)
 *(.text.*)
 .text.startup  0x0000018c       0x9c lab2_skel.o
                0x0000018c                main
 .text.libgcc.mul
                0x00000228        0x0 /usr/local/CrossPack-AVR-20131216/lib/gcc/avr/4.8.1/avr51/libgcc.a(_exit.o)
 .text.libgcc.div
                0x00000228        0x0 /usr/local/CrossPack-AVR-20131216/lib/gcc/avr/4.8.1/avr51/libgcc.a(_exit.o)
 .text.libgcc   0x00000228        0x0 /usr/local/CrossPack-AVR-20131216/lib/gcc/avr/4.8.1/avr51/libgcc.a(_exit.o)
 .text.libgcc.prologue
                0x00000228        0x0 /usr/local/CrossPack-AVR-20131216/lib/gcc/avr/4.8.1/avr51/libgcc.a(_exit.o)
 .text.libgcc.builtins
                0x00000228        0x0 /usr/local/CrossPack-AVR-20131216/lib/gcc/avr/4.8.1/avr51/libgcc.a(_exit.o)
 .text.libgcc.fmul
                0x00000228        0x0 /usr/local/CrossPack-AVR-20131216/lib/gcc/avr/4.8.1/avr51/libgcc.a(_exit.o)
 .text.libgcc.fixed
                0x00000228        0x0 /usr/local/CrossPack-AVR-20131216/lib/gcc/avr/4.8.1/avr51/libgcc.a(_exit.o)
 .text.libgcc.mul
                0x00000228        0x0 /usr/local/CrossPack-AVR-20131216/lib/gcc/avr/4.8.1/avr51/libgcc.a(_copy_data.o)
 .text.libgcc.div
                0x00000228        0x0 /usr/local/CrossPack-AVR-20131216/lib/gcc/avr/4.8.1/avr51/libgcc.a(_copy_data.o)
 .text.libgcc   0x00000228        0x0 /usr/local/CrossPack-AVR-20131216/lib/gcc/avr/4.8.1/avr51/libgcc.a(_copy_data.o)
 .text.libgcc.prologue
                0x00000228        0x0 /usr/local/CrossPack-AVR-20131216/lib/gcc/avr/4.8.1/avr51/libgcc.a(_copy_data.o)
 .text.libgcc.builtins
                0x00000228        0x0 /usr/local/CrossPack-AVR-20131216/lib/gcc/avr/4.8.1/avr51/libgcc.a(_copy_data.o)
 .text.libgcc.fmul
                0x00000228        0x0 /usr/local/CrossPack-AVR-20131216/lib/gcc/avr/4.8.1/avr51/libgcc.a(_copy_data.o)
 .text.libgcc.fixed
                0x00000228        0x0 /usr/local/CrossPack-AVR-20131216/lib/gcc/avr/4.8.1/avr51/libgcc.a(_copy_data.o)
 .text.libgcc.mul
                0x00000228        0x0 /usr/local/CrossPack-AVR-20131216/lib/gcc/avr/4.8.1/avr51/libgcc.a(_clear_bss.o)
 .text.libgcc.div
                0x00000228        0x0 /usr/local/CrossPack-AVR-20131216/lib/gcc/avr/4.8.1/avr51/libgcc.a(_clear_bss.o)
 .text.libgcc   0x00000228        0x0 /usr/local/CrossPack-AVR-20131216/lib/gcc/avr/4.8.1/avr51/libgcc.a(_clear_bss.o)
 .text.libgcc.prologue
                0x00000228        0x0 /usr/local/CrossPack-AVR-20131216/lib/gcc/avr/4.8.1/avr51/libgcc.a(_clear_bss.o)
 .text.libgcc.builtins
                0x00000228        0x0 /usr/local/CrossPack-AVR-20131216/lib/gcc/avr/4.8.1/avr51/libgcc.a(_clear_bss.o)
 .text.libgcc.fmul
                0x00000228        0x0 /usr/local/CrossPack-AVR-20131216/lib/gcc/avr/4.8.1/avr51/libgcc.a(_clear_bss.o)
 .text.libgcc.fixed
                0x00000228        0x0 /usr/local/CrossPack-AVR-20131216/lib/gcc/avr/4.8.1/avr51/libgcc.a(_clear_bss.o)
 .text.libgcc.mul
                0x00000228        0x0 /usr/local/CrossPack-AVR-20131216/lib/gcc/avr/4.8.1/avr51/libgcc.a(_popcounthi2.o)
 .text.libgcc.div
                0x00000228        0x0 /usr/local/CrossPack-AVR-20131216/lib/gcc/avr/4.8.1/avr51/libgcc.a(_popcounthi2.o)
 .text.libgcc   0x00000228        0x0 /usr/local/CrossPack-AVR-20131216/lib/gcc/avr/4.8.1/avr51/libgcc.a(_popcounthi2.o)
 .text.libgcc.prologue
                0x00000228        0x0 /usr/local/CrossPack-AVR-20131216/lib/gcc/avr/4.8.1/avr51/libgcc.a(_popcounthi2.o)
 .text.libgcc.builtins
                0x00000228       0x14 /usr/local/CrossPack-AVR-20131216/lib/gcc/avr/4.8.1/avr51/libgcc.a(_popcounthi2.o)
                0x00000228                __popcounthi2
                0x00000236                __popcounthi2_tail
 .text.libgcc.fmul
                0x0000023c        0x0 /usr/local/CrossPack-AVR-20131216/lib/gcc/avr/4.8.1/avr51/libgcc.a(_popcounthi2.o)
 .text.libgcc.fixed
                0x0000023c        0x0 /usr/local/CrossPack-AVR-20131216/lib/gcc/avr/4.8.1/avr51/libgcc.a(_popcounthi2.o)
 .text.libgcc.mul
                0x0000023c        0x0 /usr/local/CrossPack-AVR-20131216/lib/gcc/avr/4.8.1/avr51/libgcc.a(_popcountqi2.o)
 .text.libgcc.div
                0x0000023c        0x0 /usr/local/CrossPack-AVR-20131216/lib/gcc/avr/4.8.1/avr51/libgcc.a(_popcountqi2.o)
 .text.libgcc   0x0000023c        0x0 /usr/local/CrossPack-AVR-20131216/lib/gcc/avr/4.8.1/avr51/libgcc.a(_popcountqi2.o)
 .text.libgcc.prologue
                0x0000023c        0x0 /usr/local/CrossPack-AVR-20131216/lib/gcc/avr/4.8.1/avr51/libgcc.a(_popcountqi2.o)
 .text.libgcc.builtins
                0x0000023c       0x20 /usr/local/CrossPack-AVR-20131216/lib/gcc/avr/4.8.1/avr51/libgcc.a(_popcountqi2.o)
                0x0000023c                __popcountqi2
 .text.libgcc.fmul
                0x0000025c        0x0 /usr/local/CrossPack-AVR-20131216/lib/gcc/avr/4.8.1/avr51/libgcc.a(_popcountqi2.o)
 .text.libgcc.fixed
                0x0000025c        0x0 /usr/local/CrossPack-AVR-20131216/lib/gcc/avr/4.8.1/avr51/libgcc.a(_popcountqi2.o)
 .text.libgcc.mul
                0x0000025c       0x1e /usr/local/CrossPack-AVR-20131216/lib/gcc/avr/4.8.1/avr51/libgcc.a(_umulhisi3.o)
                0x0000025c                __umulhisi3
 .text.libgcc.div
                0x0000027a        0x0 /usr/local/CrossPack-AVR-20131216/lib/gcc/avr/4.8.1/avr51/libgcc.a(_umulhisi3.o)
 .text.libgcc   0x0000027a        0x0 /usr/local/CrossPack-AVR-20131216/lib/gcc/avr/4.8.1/avr51/libgcc.a(_umulhisi3.o)
 .text.libgcc.prologue
                0x0000027a        0x0 /usr/local/CrossPack-AVR-20131216/lib/gcc/avr/4.8.1/avr51/libgcc.a(_umulhisi3.o)
 .text.libgcc.builtins
                0x0000027a        0x0 /usr/local/CrossPack-AVR-20131216/lib/gcc/avr/4.8.1/avr51/libgcc.a(_umulhisi3.o)
 .text.libgcc.fmul
                0x0000027a        0x0 /usr/local/CrossPack-AVR-20131216/lib/gcc/avr/4.8.1/avr51/libgcc.a(_umulhisi3.o)
 .text.libgcc.fixed
                0x0000027a        0x0 /usr/local/CrossPack-AVR-20131216/lib/gcc/avr/4.8.1/avr51/libgcc.a(_umulhisi3.o)
                0x0000027a                . = ALIGN (0x2)
 *(.fini9)
 .fini9         0x0000027a        0x0 /usr/local/CrossPack-AVR-20131216/lib/gcc/avr/4.8.1/avr51/libgcc.a(_exit.o)
                0x0000027a                exit
                0x0000027a                _exit
 *(.fini9)
 *(.fini8)
 *(.fini8)
 *(.fini7)
 *(.fini7)
 *(.fini6)
 *(.fini6)
 *(.fini5)
 *(.fini5)
 *(.fini4)
 *(.fini4)
 *(.fini3)
 *(.fini3)
 *(.fini2)
 *(.fini2)
 *(.fini1)
 *(.fini1)
 *(.fini0)
 .fini0         0x0000027a        0x4 /usr/local/CrossPack-AVR-20131216/lib/gcc/avr/4.8.1/avr51/libgcc.a(_exit.o)
 *(.fini0)
                0x0000027e                _etext = .

.data           0x00800100        0xa load address 0x0000027e
                0x00800100                PROVIDE (__data_start, .)
 *(.data)
 .data          0x00800100        0x0 /usr/local/CrossPack-AVR-20131216/lib/gcc/avr/4.8.1/../../../../avr/lib/avr51/crtm128.o
 .data          0x00800100        0x0 lab2_skel.o
 .data          0x00800100        0x0 /usr/local/CrossPack-AVR-20131216/lib/gcc/avr/4.8.1/avr51/libgcc.a(_exit.o)
 .data          0x00800100        0x0 /usr/local/CrossPack-AVR-20131216/lib/gcc/avr/4.8.1/avr51/libgcc.a(_copy_data.o)
 .data          0x00800100        0x0 /usr/local/CrossPack-AVR-20131216/lib/gcc/avr/4.8.1/avr51/libgcc.a(_clear_bss.o)
 .data          0x00800100        0x0 /usr/local/CrossPack-AVR-20131216/lib/gcc/avr/4.8.1/avr51/libgcc.a(_popcounthi2.o)
 .data          0x00800100        0x0 /usr/local/CrossPack-AVR-20131216/lib/gcc/avr/4.8.1/avr51/libgcc.a(_popcountqi2.o)
 .data          0x00800100        0x0 /usr/local/CrossPack-AVR-20131216/lib/gcc/avr/4.8.1/avr51/libgcc.a(_umulhisi3.o)
 *(.data*)
 *(.rodata)
 .rodata        0x00800100        0xa lab2_skel.o
 *(.rodata*)
 *(.gnu.linkonce.d*)
                0x0080010a                . = ALIGN (0x2)
                0x0080010a                _edata = .
                0x0080010a                PROVIDE (__data_end, .)

.bss            0x0080010a       0x13
                0x0080010a                PROVIDE (__bss_start, .)
 *(.bss)
 .bss           0x0080010a        0x0 /usr/local/CrossPack-AVR-20131216/lib/gcc/avr/4.8.1/../../../../avr/lib/avr51/crtm128.o
 .bss           0x0080010a        0x2 lab2_skel.o
 .bss           0x0080010c        0x0 /usr/local/CrossPack-AVR-20131216/lib/gcc/avr/4.8.1/avr51/libgcc.a(_exit.o)
 .bss           0x0080010c        0x0 /usr/local/CrossPack-AVR-20131216/lib/gcc/avr/4.8.1/avr51/libgcc.a(_copy_data.o)
 .bss           0x0080010c        0x0 /usr/local/CrossPack-AVR-20131216/lib/gcc/avr/4.8.1/avr51/libgcc.a(_clear_bss.o)
 .bss           0x0080010c        0x0 /usr/local/CrossPack-AVR-20131216/lib/gcc/avr/4.8.1/avr51/libgcc.a(_popcounthi2.o)
 .bss           0x0080010c        0x0 /usr/local/CrossPack-AVR-20131216/lib/gcc/avr/4.8.1/avr51/libgcc.a(_popcountqi2.o)
 .bss           0x0080010c        0x0 /usr/local/CrossPack-AVR-20131216/lib/gcc/avr/4.8.1/avr51/libgcc.a(_umulhisi3.o)
 *(.bss*)
 *(COMMON)
 COMMON         0x0080010c       0x11 lab2_skel.o
                0x0080010c                dec_to_7seg
                0x00800118                segment_data
                0x0080011d                PROVIDE (__bss_end, .)
                0x0000027e                __data_load_start = LOADADDR (.data)
                0x00000288                __data_load_end = (__data_load_start + SIZEOF (.data))

.noinit         0x0080011d        0x0
                0x0080011d                PROVIDE (__noinit_start, .)
 *(.noinit*)
                0x0080011d                PROVIDE (__noinit_end, .)
                0x0080011d                _end = .
                0x0080011d                PROVIDE (__heap_start, .)

.eeprom         0x00810000        0x0
 *(.eeprom*)
                0x00810000                __eeprom_end = .

.fuse
 *(.fuse)
 *(.lfuse)
 *(.hfuse)
 *(.efuse)

.lock
 *(.lock*)

.signature
 *(.signature*)

.user_signatures
 *(.user_signatures*)

.stab
 *(.stab)

.stabstr
 *(.stabstr)

.stab.excl
 *(.stab.excl)

.stab.exclstr
 *(.stab.exclstr)

.stab.index
 *(.stab.index)

.stab.indexstr
 *(.stab.indexstr)

.comment        0x00000000       0x11
 *(.comment)
 .comment       0x00000000       0x11 lab2_skel.o
                                 0x12 (size before relaxing)

.debug
 *(.debug)

.line
 *(.line)

.debug_srcinfo
 *(.debug_srcinfo)

.debug_sfnames
 *(.debug_sfnames)

.debug_aranges  0x00000000       0xe8
 *(.debug_aranges)
 .debug_aranges
                0x00000000       0x28 lab2_skel.o
 .debug_aranges
                0x00000028       0x20 /usr/local/CrossPack-AVR-20131216/lib/gcc/avr/4.8.1/avr51/libgcc.a(_exit.o)
 .debug_aranges
                0x00000048       0x20 /usr/local/CrossPack-AVR-20131216/lib/gcc/avr/4.8.1/avr51/libgcc.a(_copy_data.o)
 .debug_aranges
                0x00000068       0x20 /usr/local/CrossPack-AVR-20131216/lib/gcc/avr/4.8.1/avr51/libgcc.a(_clear_bss.o)
 .debug_aranges
                0x00000088       0x20 /usr/local/CrossPack-AVR-20131216/lib/gcc/avr/4.8.1/avr51/libgcc.a(_popcounthi2.o)
 .debug_aranges
                0x000000a8       0x20 /usr/local/CrossPack-AVR-20131216/lib/gcc/avr/4.8.1/avr51/libgcc.a(_popcountqi2.o)
 .debug_aranges
                0x000000c8       0x20 /usr/local/CrossPack-AVR-20131216/lib/gcc/avr/4.8.1/avr51/libgcc.a(_umulhisi3.o)

.debug_pubnames
 *(.debug_pubnames)

.debug_info     0x00000000      0x7af
 *(.debug_info)
 .debug_info    0x00000000      0x335 lab2_skel.o
 .debug_info    0x00000335       0xbf /usr/local/CrossPack-AVR-20131216/lib/gcc/avr/4.8.1/avr51/libgcc.a(_exit.o)
 .debug_info    0x000003f4       0xbf /usr/local/CrossPack-AVR-20131216/lib/gcc/avr/4.8.1/avr51/libgcc.a(_copy_data.o)
 .debug_info    0x000004b3       0xbf /usr/local/CrossPack-AVR-20131216/lib/gcc/avr/4.8.1/avr51/libgcc.a(_clear_bss.o)
 .debug_info    0x00000572       0xbf /usr/local/CrossPack-AVR-20131216/lib/gcc/avr/4.8.1/avr51/libgcc.a(_popcounthi2.o)
 .debug_info    0x00000631       0xbf /usr/local/CrossPack-AVR-20131216/lib/gcc/avr/4.8.1/avr51/libgcc.a(_popcountqi2.o)
 .debug_info    0x000006f0       0xbf /usr/local/CrossPack-AVR-20131216/lib/gcc/avr/4.8.1/avr51/libgcc.a(_umulhisi3.o)
 *(.gnu.linkonce.wi.*)

.debug_abbrev   0x00000000      0x234
 *(.debug_abbrev)
 .debug_abbrev  0x00000000      0x1bc lab2_skel.o
 .debug_abbrev  0x000001bc       0x14 /usr/local/CrossPack-AVR-20131216/lib/gcc/avr/4.8.1/avr51/libgcc.a(_exit.o)
 .debug_abbrev  0x000001d0       0x14 /usr/local/CrossPack-AVR-20131216/lib/gcc/avr/4.8.1/avr51/libgcc.a(_copy_data.o)
 .debug_abbrev  0x000001e4       0x14 /usr/local/CrossPack-AVR-20131216/lib/gcc/avr/4.8.1/avr51/libgcc.a(_clear_bss.o)
 .debug_abbrev  0x000001f8       0x14 /usr/local/CrossPack-AVR-20131216/lib/gcc/avr/4.8.1/avr51/libgcc.a(_popcounthi2.o)
 .debug_abbrev  0x0000020c       0x14 /usr/local/CrossPack-AVR-20131216/lib/gcc/avr/4.8.1/avr51/libgcc.a(_popcountqi2.o)
 .debug_abbrev  0x00000220       0x14 /usr/local/CrossPack-AVR-20131216/lib/gcc/avr/4.8.1/avr51/libgcc.a(_umulhisi3.o)

.debug_line     0x00000000      0x35c
 *(.debug_line)
 .debug_line    0x00000000      0x11a lab2_skel.o
 .debug_line    0x0000011a       0x58 /usr/local/CrossPack-AVR-20131216/lib/gcc/avr/4.8.1/avr51/libgcc.a(_exit.o)
 .debug_line    0x00000172       0x63 /usr/local/CrossPack-AVR-20131216/lib/gcc/avr/4.8.1/avr51/libgcc.a(_copy_data.o)
 .debug_line    0x000001d5       0x5e /usr/local/CrossPack-AVR-20131216/lib/gcc/avr/4.8.1/avr51/libgcc.a(_clear_bss.o)
 .debug_line    0x00000233       0x5e /usr/local/CrossPack-AVR-20131216/lib/gcc/avr/4.8.1/avr51/libgcc.a(_popcounthi2.o)
 .debug_line    0x00000291       0x66 /usr/local/CrossPack-AVR-20131216/lib/gcc/avr/4.8.1/avr51/libgcc.a(_popcountqi2.o)
 .debug_line    0x000002f7       0x65 /usr/local/CrossPack-AVR-20131216/lib/gcc/avr/4.8.1/avr51/libgcc.a(_umulhisi3.o)

.debug_frame    0x00000000       0x64
 *(.debug_frame)
 .debug_frame   0x00000000       0x64 lab2_skel.o

.debug_str      0x00000000      0x166
 *(.debug_str)
 .debug_str     0x00000000      0x166 lab2_skel.o
                                0x1a7 (size before relaxing)

.debug_loc      0x00000000      0x24a
 *(.debug_loc)
 .debug_loc     0x00000000      0x24a lab2_skel.o

.debug_macinfo
 *(.debug_macinfo)

.debug_pubtypes
 *(.debug_pubtypes)

.debug_ranges   0x00000000       0x18
 *(.debug_ranges)
 .debug_ranges  0x00000000       0x18 lab2_skel.o

.debug_macro
 *(.debug_macro)
OUTPUT(lab2_skel.elf elf32-avr)
LOAD linker stubs
