------------------------------------------------------------
TimeQuest Timing Analyzer Summary
------------------------------------------------------------

Type  : Slow 1200mV 85C Model Setup 'cnt[1]'
Slack : -17.798
TNS   : -112.944

Type  : Slow 1200mV 85C Model Setup 'cnt[2]'
Slack : -17.517
TNS   : -167.223

Type  : Slow 1200mV 85C Model Setup 'cnt[0]'
Slack : -17.157
TNS   : -50.254

Type  : Slow 1200mV 85C Model Setup 'clk'
Slack : -1.302
TNS   : -8.927

Type  : Slow 1200mV 85C Model Setup 'frame_rate0|altpll_component|auto_generated|pll1|clk[1]'
Slack : 99994.333
TNS   : 0.000

Type  : Slow 1200mV 85C Model Hold 'cnt[2]'
Slack : -5.317
TNS   : -18.889

Type  : Slow 1200mV 85C Model Hold 'cnt[1]'
Slack : -4.453
TNS   : -8.856

Type  : Slow 1200mV 85C Model Hold 'cnt[0]'
Slack : -3.555
TNS   : -3.590

Type  : Slow 1200mV 85C Model Hold 'clk'
Slack : 0.299
TNS   : 0.000

Type  : Slow 1200mV 85C Model Hold 'frame_rate0|altpll_component|auto_generated|pll1|clk[1]'
Slack : 0.358
TNS   : 0.000

Type  : Slow 1200mV 85C Model Minimum Pulse Width 'cnt[2]'
Slack : -1.886
TNS   : -95.240

Type  : Slow 1200mV 85C Model Minimum Pulse Width 'cnt[1]'
Slack : 0.089
TNS   : 0.000

Type  : Slow 1200mV 85C Model Minimum Pulse Width 'cnt[0]'
Slack : 0.433
TNS   : 0.000

Type  : Slow 1200mV 85C Model Minimum Pulse Width 'clk'
Slack : 9.676
TNS   : 0.000

Type  : Slow 1200mV 85C Model Minimum Pulse Width 'frame_rate0|altpll_component|auto_generated|pll1|clk[1]'
Slack : 49999.747
TNS   : 0.000

Type  : Slow 1200mV 0C Model Setup 'cnt[1]'
Slack : -15.954
TNS   : -101.400

Type  : Slow 1200mV 0C Model Setup 'cnt[2]'
Slack : -15.659
TNS   : -149.799

Type  : Slow 1200mV 0C Model Setup 'cnt[0]'
Slack : -15.387
TNS   : -45.136

Type  : Slow 1200mV 0C Model Setup 'clk'
Slack : -1.104
TNS   : -7.024

Type  : Slow 1200mV 0C Model Setup 'frame_rate0|altpll_component|auto_generated|pll1|clk[1]'
Slack : 99994.896
TNS   : 0.000

Type  : Slow 1200mV 0C Model Hold 'cnt[2]'
Slack : -4.739
TNS   : -16.681

Type  : Slow 1200mV 0C Model Hold 'cnt[1]'
Slack : -3.986
TNS   : -7.747

Type  : Slow 1200mV 0C Model Hold 'cnt[0]'
Slack : -3.174
TNS   : -3.174

Type  : Slow 1200mV 0C Model Hold 'clk'
Slack : 0.239
TNS   : 0.000

Type  : Slow 1200mV 0C Model Hold 'frame_rate0|altpll_component|auto_generated|pll1|clk[1]'
Slack : 0.312
TNS   : 0.000

Type  : Slow 1200mV 0C Model Minimum Pulse Width 'cnt[2]'
Slack : -1.624
TNS   : -78.873

Type  : Slow 1200mV 0C Model Minimum Pulse Width 'cnt[1]'
Slack : 0.122
TNS   : 0.000

Type  : Slow 1200mV 0C Model Minimum Pulse Width 'cnt[0]'
Slack : 0.467
TNS   : 0.000

Type  : Slow 1200mV 0C Model Minimum Pulse Width 'clk'
Slack : 9.678
TNS   : 0.000

Type  : Slow 1200mV 0C Model Minimum Pulse Width 'frame_rate0|altpll_component|auto_generated|pll1|clk[1]'
Slack : 49999.744
TNS   : 0.000

Type  : Fast 1200mV 0C Model Setup 'cnt[1]'
Slack : -10.218
TNS   : -64.097

Type  : Fast 1200mV 0C Model Setup 'cnt[2]'
Slack : -10.129
TNS   : -94.925

Type  : Fast 1200mV 0C Model Setup 'cnt[0]'
Slack : -9.848
TNS   : -28.689

Type  : Fast 1200mV 0C Model Setup 'clk'
Slack : -0.617
TNS   : -3.432

Type  : Fast 1200mV 0C Model Setup 'frame_rate0|altpll_component|auto_generated|pll1|clk[1]'
Slack : 99996.743
TNS   : 0.000

Type  : Fast 1200mV 0C Model Hold 'cnt[2]'
Slack : -3.069
TNS   : -10.642

Type  : Fast 1200mV 0C Model Hold 'cnt[1]'
Slack : -2.585
TNS   : -5.165

Type  : Fast 1200mV 0C Model Hold 'cnt[0]'
Slack : -2.024
TNS   : -2.024

Type  : Fast 1200mV 0C Model Hold 'clk'
Slack : 0.077
TNS   : 0.000

Type  : Fast 1200mV 0C Model Hold 'frame_rate0|altpll_component|auto_generated|pll1|clk[1]'
Slack : 0.186
TNS   : 0.000

Type  : Fast 1200mV 0C Model Minimum Pulse Width 'cnt[2]'
Slack : -0.876
TNS   : -31.163

Type  : Fast 1200mV 0C Model Minimum Pulse Width 'cnt[1]'
Slack : 0.235
TNS   : 0.000

Type  : Fast 1200mV 0C Model Minimum Pulse Width 'cnt[0]'
Slack : 0.369
TNS   : 0.000

Type  : Fast 1200mV 0C Model Minimum Pulse Width 'clk'
Slack : 9.440
TNS   : 0.000

Type  : Fast 1200mV 0C Model Minimum Pulse Width 'frame_rate0|altpll_component|auto_generated|pll1|clk[1]'
Slack : 49999.780
TNS   : 0.000

------------------------------------------------------------
